// Jest Snapshot v1, https://goo.gl/fbAQLP

exports[`<LoginScreen/> snapshot 1`] = `
<div
  className="container login-container"
>
  <div
    className="row justify-content-center"
  >
    <div
      className="col-md-6 login-form-1"
    >
      <h3>
        Ingreso
      </h3>
      <form
        onSubmit={[Function]}
      >
        <div
          className="form-group"
        >
          <input
            className="form-control"
            name="email"
            onChange={[Function]}
            placeholder="Correo"
            type="text"
            value=""
          />
        </div>
        <div
          className="form-group"
        >
          <input
            className="form-control"
            name="password"
            onChange={[Function]}
            placeholder="ContraseÃ±a"
            type="password"
            value=""
          />
        </div>
        <div
          className="form-group"
        >
          <input
            className="btnSubmit btn-block"
            type="submit"
            value="Login"
          />
        </div>
        <a
          className="link"
          href="/auth/register"
          onClick={[Function]}
        >
          Create a new account
        </a>
      </form>
    </div>
  </div>
</div>
`;
