// Jest Snapshot v1, https://goo.gl/fbAQLP

exports[`<RegisterScreen/> snapshot 1`] = `
<div
  className="container login-container"
>
  <div
    className="row justify-content-center"
  >
    <div
      className="col-md-6 login-form-2"
    >
      <h3>
        Registro
      </h3>
      <form
        onSubmit={[Function]}
      >
        <div
          className="form-group"
        >
          <input
            className="form-control"
            name="name"
            onChange={[Function]}
            placeholder="Nombre"
            type="text"
            value=""
          />
        </div>
        <div
          className="form-group"
        >
          <input
            className="form-control"
            name="email"
            onChange={[Function]}
            placeholder="Correo"
            type="email"
            value=""
          />
        </div>
        <div
          className="form-group"
        >
          <input
            className="form-control"
            name="password"
            onChange={[Function]}
            placeholder="Contraseña"
            type="password"
            value=""
          />
        </div>
        <div
          className="form-group"
        >
          <input
            className="form-control"
            name="password2"
            onChange={[Function]}
            placeholder="Repita la contraseña"
            type="password"
            value=""
          />
        </div>
        <div
          className="form-group"
        >
          <input
            className="btnSubmit btn-block"
            type="submit"
            value="Crear cuenta"
          />
        </div>
        <a
          className="link"
          href="/auth/register"
          onClick={[Function]}
        >
          Already registered?
        </a>
      </form>
    </div>
  </div>
</div>
`;
