// Jest Snapshot v1, https://goo.gl/fbAQLP

exports[`<AppRouter/> snapshot 1`] = `
<h2>
  Espere...
</h2>
`;
